
> frontend@0.1.0 build
> vite build

[36mvite v7.3.1 [32mbuilding client environment for production...[36m[39m
npm : <script src="/config.js"> in "/index.html" can't 
be bundled without type="module" attribute
At line:1 char:1
+ npm run build > build_output.txt 2>&1
+ ~~~~~~~~~~~~~~~~~~~~~~~~~~~~~~~~~~~~~
    + CategoryInfo          : NotSpecified: (<script sr 
   c="/c...dule" attribute:String) [], RemoteException
    + FullyQualifiedErrorId : NativeCommandError
 
transforming...
[32mΓ£ô[39m 44 modules transformed.
[31mΓ£ù[39m Build failed in 2.52s
[31merror during build:
[31mCould not resolve "../components/FeatureGate" from 
"src/pages/FunnelsPage.jsx"[31m
file: [36mC:/Users/USER/sentinel-mvp/frontend/src/pages
/FunnelsPage.jsx[31m
    at getRollupError (file:///C:/Users/USER/sentinel-mv
p/frontend/node_modules/rollup/dist/es/shared/parseAst.j
s:401:41)
    at error (file:///C:/Users/USER/sentinel-mvp/fronten
d/node_modules/rollup/dist/es/shared/parseAst.js:397:42)
    at ModuleLoader.handleInvalidResolvedId (file:///C:/
Users/USER/sentinel-mvp/frontend/node_modules/rollup/dis
t/es/shared/node-entry.js:21539:24)
    at file:///C:/Users/USER/sentinel-mvp/frontend/node_
modules/rollup/dist/es/shared/node-entry.js:21499:26[39
m
